<?xml version="1.0" encoding="UTF-8"?>
<testsuites name="Mocha Tests" time="3.024" tests="2" failures="1">
  <testsuite name="Root Suite" timestamp="2017-11-12T14:59:28" tests="0" failures="0" time="0">
  </testsuite>
  <testsuite name="注册、登录、发布话题和回帖等功能" timestamp="2017-11-12T14:59:28" tests="0" file="E:\test\2017-09-17\index2.js" failures="0" time="0">
  </testsuite>
  <testsuite name="注册功能" timestamp="2017-11-12T14:59:28" tests="2" file="E:\test\2017-09-17\index2.js" failures="1" time="3.024">
    <testcase name="注册、登录、发布话题和回帖等功能 注册功能 打开首页" time="2.665" classname="打开首页">
    </testcase>
    <testcase name="注册、登录、发布话题和回帖等功能 &quot;after each&quot; hook for &quot;打开首页&quot;" time="0.359" classname="&quot;after each&quot; hook for &quot;打开首页&quot;">
      <failure><![CDATA[Error: ENOENT: no such file or directory, open 'E:\test\2017-09-17\image\1510498771165.png'
    at Object.fs.openSync (fs.js:652:18)
    at Object.fs.writeFileSync (fs.js:1299:33)
    at index2.js:29:16
    at ManagedPromise.invokeCallback_ (node_modules\_selenium-webdriver@3.6.0@selenium-webdriver\lib\promise.js:1376:14)
    at TaskQueue.execute_ (node_modules\_selenium-webdriver@3.6.0@selenium-webdriver\lib\promise.js:3084:14)
    at TaskQueue.executeNext_ (node_modules\_selenium-webdriver@3.6.0@selenium-webdriver\lib\promise.js:3067:27)
    at asyncRun (node_modules\_selenium-webdriver@3.6.0@selenium-webdriver\lib\promise.js:2927:27)
    at node_modules\_selenium-webdriver@3.6.0@selenium-webdriver\lib\promise.js:668:7
    at <anonymous>
    at process._tickCallback (internal/process/next_tick.js:188:7)]]></failure>
    </testcase>
  </testsuite>
</testsuites>